{GKK}=>{TPL}
p1.fasta,SDLGKKLLEAARAGQDDEVRILMANGADVNAEDKVGLTPLHLAAMNDHLEIVEVLLKNGADVNAIDAIGETPLHLVAMYGHLEIVEVLLKHGADVNAQDKFGKTAFDISIDNGNEDLAEILQKL
p2.fasta,SDLGKKLLEAARAGQDDEVRILMANGADVNANDWFGITPLHLVVNNGHLEIIEVLLKYAADVNASDKSGWTPLHLAAYRGHLEIVEVLLKYGADVNAMDYQGYTPLHLAAEDGHLEIVEVLLKYGADVNAQDKFGKTAFDISIDNGNEDLAEILQ