{RAG,QDD} => {EVR}
p1.fasta,SDLGKKLLEAARAGQDDEVRILMANGADVNAEDKVGLTPLHLAAMNDHLEIVEVLLKNGADVNAIDAIGETPLHLVAMYGHLEIVEVLLKHGADVNAQDKFGKTAFDISIDNGNEDLAEILQKL