{AA,MN,DH,LE}=>{VAM}
p1.fasta,SDLGKKLLEAARAGQDDEVRILMANGADVNAEDKVGLTPLHLAAMNDHLEIVEVLLKNGADVNAIDAIGETPLHLVAMYGHLEIVEVLLKHGADVNAQDKFGKTAFDISIDNGNEDLAEILQKL