{IIEVL,LKYA}=>{KYGAD}
p2.fasta,SDLGKKLLEAARAGQDDEVRILMANGADVNANDWFGITPLHLVVNNGHLEIIEVLLKYAADVNASDKSGWTPLHLAAYRGHLEIVEVLLKYGADVNAMDYQGYTPLHLAAEDGHLEIVEVLLKYGADVNAQDKFGKTAFDISIDNGNEDLAEILQ
