GFTPLHIA
QQQQQQQQQQQ
QQQQQQQQQQ,AACA,CKA
AACTGNLE,AASNEK,ACNSS,AFLEEL,AKSFN,ALKLNR,CEEEP,CERRY,CNSSN,CSQQM,CYYSL,DAVKY
