GFTPL
QQQQ
CKA
AACT,AASN,ACNS,ACTG,AFLE,AKSF,ALKL,CEEE,CERR,CNSS,CSQQ,CTGN,CYYS,DAVK
